1,0,1,0.666666666666667
2,4,2,2.66666666666667
2,3,3,2.66666666666667
3,8,4,5
10,10,13,11
5,5,1,3.66666666666667
4,4,11,6.33333333333333
19,4,13,12
2,21,16,13
1,21,16,12.6666666666667
9,10,19,12.6666666666667
7,7,2,5.33333333333333
4,4,20,9.33333333333333
3,3,3,3
12,3,3,6
4,16,3,7.66666666666667
1,16,3,6.66666666666667
26,27,4,19
8,8,46,20.6666666666667
3,3,5,3.66666666666667
3,3,6,4
8,11,6,8.33333333333333
4,4,7,5