11,9.33333333333333
15,7.33333333333333
2,3.33333333333333
5,3.33333333333333
3,3
2,16.3333333333333
4,17.3333333333333
43,18
5,6.66666666666667
6,6
9,5.33333333333333
3,3
4,3.66666666666667
2,3
5,4.33333333333333
2,3
6,5
1,5
8,5
6,9.33333333333333
1,8.33333333333333
21,12
3,3