1,0,0.5
2,4,3
2,3,2.5
3,8,5.5
10,10,10
5,5,5
4,4,4
19,4,11.5
2,21,11.5
1,21,11
9,10,9.5
7,7,7
4,4,4
3,3,3
12,3,7.5
4,16,10
1,16,8.5
26,27,26.5
8,8,8
3,3,3
3,3,3
8,11,9.5
4,4,4