1,0,0
2,4,0.5
2,3,0.666666666666667
3,8,0.375
10,10,1
5,5,1
4,4,1
19,4,4.75
2,21,0.0952380952380952
1,21,0.0476190476190476
9,10,0.9
7,7,1
4,4,1
3,3,1
12,3,4
4,16,0.25
1,16,0.0625
26,27,0.962962962962963
8,8,1
3,3,1
3,3,1
8,11,0.727272727272727
4,4,1