1,0,0
2,4,2
2,3,1.5
3,8,2.66666666666667
10,10,1
5,5,1
4,4,1
19,4,0.210526315789474
2,21,10.5
1,21,21
9,10,1.11111111111111
7,7,1
4,4,1
3,3,1
12,3,0.25
4,16,4
1,16,16
26,27,1.03846153846154
8,8,1
3,3,1
3,3,1
8,11,1.375
4,4,1