2,5,5
4,3,3
8,4,4
6,8,23
6,10,23
6,5,23
1,0,4
1,4,4
19,4,50
19,4,50
19,21,50
19,21,50
9,10,10
7,7,11
7,4,11
3,3,22
3,3,22
3,16,22
1,16,51
1,27,51
1,8,51
3,3,6
3,3,6
8,11,15
8,4,15