1,2
1,2
4,1
6,3
6,3
6,3
19,4
19,4
19,4
19,4
9,1
7,2
7,2
3,3
3,3
3,3
1,3
1,3
1,3
3,2
3,2
8,2
8,2