0,1,4
4,1,4
3,4,3
8,6,23
10,6,23
5,6,23
4,19,50
4,19,50
21,19,50
21,19,50
10,9,10
7,7,11
4,7,11
3,3,22
3,3,22
16,3,22
16,1,51
27,1,51
8,1,51
3,3,6
3,3,6
11,8,15
4,8,15