6,13.2
2,4.4
2,4.4
3,6.6
10,22
5,11
4,8.8
19,41.8
2,4.4
1,2.2
9,19.8
7,15.4
4,8.8
3,6.6
12,26.4
4,8.8
1,2.2
26,57.2
8,17.6
3,6.6
3,6.6
8,17.6
4,8.8