1,0,1,1
2,4,2,4
2,3,3,3
3,8,4,8
10,10,13,13
5,5,1,5
4,4,11,11
19,4,13,19
2,21,16,21
1,21,16,21
9,10,19,19
7,7,2,7
4,4,20,20
3,3,3,3
12,3,3,12
4,16,3,16
1,16,3,16
26,27,4,27
8,8,46,46
3,3,5,5
3,3,6,6
8,11,6,11
4,4,7,7