1,0,1
2,4,4
2,3,3
3,8,8
10,10,10
5,5,5
4,4,4
19,4,19
2,21,21
1,21,21
9,10,10
7,7,7
4,4,4
3,3,3
12,3,12
4,16,16
1,16,16
26,27,27
8,8,8
3,3,3
3,3,3
8,11,11
4,4,4