1,0,1,0
2,4,2,2
2,3,3,2
3,8,4,3
10,10,13,10
5,5,1,1
4,4,11,4
19,4,13,4
2,21,16,2
1,21,16,1
9,10,19,9
7,7,2,2
4,4,20,4
3,3,3,3
12,3,3,3
4,16,3,3
1,16,3,1
26,27,4,4
8,8,46,8
3,3,5,3
3,3,6,3
8,11,6,6
4,4,7,4