1,0,0
2,4,2
2,3,2
3,8,3
10,10,10
5,5,5
4,4,4
19,4,4
2,21,2
1,21,1
9,10,9
7,7,7
4,4,4
3,3,3
12,3,3
4,16,4
1,16,1
26,27,26
8,8,8
3,3,3
3,3,3
8,11,8
4,4,4