1,0,0
2,4,8
2,3,6
3,8,24
10,10,100
5,5,25
4,4,16
19,4,76
2,21,42
1,21,21
9,10,90
7,7,49
4,4,16
3,3,9
12,3,36
4,16,64
1,16,16
26,27,702
8,8,64
3,3,9
3,3,9
8,11,88
4,4,16