11,11
15,15
2,2
5,5
3,3
2,2
4,4
43,43
5,5
6,6
9,9
3,3
4,4
2,2
5,5
2,2
6,6
1,1
8,8
6,6
1,1
21,21
3,3