11,85
15,79
2,70
5,77
3,75
2,76
4,76
43,77
5,36
6,37
9,32
3,31
4,34
2,31
5,50
2,48
6,46
1,40
8,39
6,31
1,25
21,24
3,3