11,33
15,25
2,12
5,14
3,52
2,54
4,58
43,63
5,23
6,22
9,18
3,14
4,13
2,15
5,14
2,17
6,21
1,16
8,36
6,31
1,25
21,24
3,3