11,96
15,94
2,82
5,84
3,81
2,83
4,83
43,85
5,43
6,46
9,46
3,38
4,56
2,55
5,53
2,48
6,46
1,40
8,39
6,31
1,25
21,24
3,3