11,26
15,17
2,7
5,8
3,5
2,6
4,47
43,48
5,11
6,15
9,12
3,7
4,6
2,7
5,7
2,8
6,7
1,9
8,14
6,7
1,22
21,24
3,3