11,36
15,27
2,16
5,57
3,57
2,60
4,67
43,66
5,27
6,24
9,23
3,16
4,19
2,16
5,22
2,23
6,22
1,37
8,39
6,31
1,25
21,24
3,3