11,42
15,74
2,64
5,68
3,72
2,72
4,74
43,72
5,34
6,31
9,31
3,23
4,28
2,30
5,29
2,45
6,46
1,40
8,39
6,31
1,25
21,24
3,3