11,38
15,31
2,59
5,62
3,63
2,69
4,70
43,70
5,29
6,29
9,25
3,22
4,20
2,24
5,28
2,24
6,43
1,40
8,39
6,31
1,25
21,24
3,3