11,28
15,22
2,10
5,10
3,9
2,49
4,52
43,54
5,20
6,18
9,16
3,9
4,11
2,9
5,13
2,9
6,15
1,15
8,15
6,28
1,25
21,24
3,3