11,90
15,85
2,79
5,80
3,79
2,78
4,81
43,79
5,42
6,38
9,40
3,37
4,35
2,52
5,53
2,48
6,46
1,40
8,39
6,31
1,25
21,24
3,3