2,4,18
1,0,5
2,3,16
3,8,31
10,10,70
5,5,35
4,4,28
19,4,103
2,21,52
1,21,47
9,10,65
7,7,49
4,4,28
3,3,21
12,3,66
4,16,52
1,16,37
26,27,184
8,8,56
3,3,21
3,3,21
8,11,62
4,4,28