1,0,9,20
2,4,8,24
2,3,7,21
3,8,6,26
10,10,5,40
5,5,4,23
4,4,3,18
19,4,2,46
2,21,1,27
1,21,0,23
9,10,4,36
7,7,3,27
4,4,2,16
3,3,1,11
12,3,0,27
4,16,1,26
1,16,0,18
26,27,5,89
8,8,4,32
3,3,3,15
3,3,2,13
8,11,1,29
4,4,0,12