1,0,2
2,4,16
2,3,13
3,8,30
10,10,50
5,5,25
4,4,20
19,4,50
2,21,67
1,21,65
9,10,48
7,7,35
4,4,20
3,3,15
12,3,33
4,16,56
1,16,50
26,27,133
8,8,40
3,3,15
3,3,15
8,11,49
4,4,20