1,0,9,7
2,4,8,12
2,3,7,9
3,8,6,16
10,10,5,5
5,5,4,4
4,4,3,3
19,4,2,-28
2,21,1,39
1,21,0,40
9,10,4,6
7,7,3,3
4,4,2,2
3,3,1,1
12,3,0,-18
4,16,1,25
1,16,0,30
26,27,5,7
8,8,4,4
3,3,3,3
3,3,2,2
8,11,1,7
4,4,0,0